// Jest Snapshot v1, https://goo.gl/fbAQLP

exports[`HelloWorld renders correcly 1`] = `<HelloWorld />`;
